-----------------------------
 DevOps System Monitor 🚀
-----------------------------
Time: Sun Mar 29 03:14:34 IST 2026
CPU Usage: 2.73%
Memory Active Pages: 132347.
Disk Usage: 17%

-----------------------------
 DevOps System Monitor 🚀
-----------------------------
==================================
 DevOps System Monitoring Tool
==================================
Time: Sun Mar 29 03:32:51 IST 2026
CPU Usage: 5.73%
Active Memory Pages: 116122.
Disk Usage: 17%

2026-03-29 03:32:51 | CPU: 5.73% | Disk: 17%
==================================
 DevOps System Monitoring Tool
==================================
Time: Sun Mar 29 03:32:56 IST 2026
CPU Usage: 6.17%
Active Memory Pages: 119053.
Disk Usage: 17%

2026-03-29 03:32:56 | CPU: 6.17% | Disk: 17%
==================================
 DevOps System Monitoring Tool
==================================
Time: Sun Mar 29 03:33:01 IST 2026
CPU Usage: 2.77%
Active Memory Pages: 115456.
Disk Usage: 17%

2026-03-29 03:33:02 | CPU: 2.77% | Disk: 17%
==================================
 DevOps System Monitoring Tool
==================================
Time: Sun Mar 29 03:33:07 IST 2026
CPU Usage: 3.37%
Active Memory Pages: 119259.
Disk Usage: 17%

2026-03-29 03:33:07 | CPU: 3.37% | Disk: 17%
Exiting...
